

. cd "/Users/Sam/Desktop/Econ 672/Data"
/Users/Sam/Desktop/Econ 672/Data

. use card

. 
. reg lwage  educ  exper black south married i.smsa

      Source |       SS           df       MS      Number of obs   =     3,003
-------------+----------------------------------   F(6, 2996)      =    219.15
       Model |  180.255137         6  30.0425229   Prob > F        =    0.0000
    Residual |  410.705979     2,996  .137084773   R-squared       =    0.3050
-------------+----------------------------------   Adj R-squared   =    0.3036
       Total |  590.961117     3,002  .196855802   Root MSE        =    .37025

------------------------------------------------------------------------------
       lwage |      Coef.   Std. Err.      t    P>|t|     [95% Conf. Interval]
-------------+----------------------------------------------------------------
        educ |   .0711729   .0034824    20.44   0.000     .0643447     .078001
       exper |   .0341518   .0022144    15.42   0.000     .0298098    .0384938
       black |  -.1660274   .0176137    -9.43   0.000    -.2005636   -.1314913
       south |  -.1315518   .0149691    -8.79   0.000    -.1609024   -.1022011
     married |  -.0358707   .0034012   -10.55   0.000    -.0425396   -.0292019
      1.smsa |   .1757871   .0154578    11.37   0.000     .1454782    .2060961
       _cons |   5.063317   .0637402    79.44   0.000     4.938338    5.188296
------------------------------------------------------------------------------

. 
. 
end of do-file
