

. quietly {

. list income bday

     +------------------------+
     |      income       bday |
     |------------------------|
  1. |    10,500.9   01/24/61 |
  2. |    45,234.1   04/15/68 |
  3. | 1,284,354.5   05/23/71 |
  4. |   124,313.5   06/25/73 |
  5. |   120,102.3   09/22/81 |
     |------------------------|
  6. |       545.2   10/15/73 |
  7. |   109,452.1   07/01/77 |
  8. |     4,500.9   08/03/76 |
     +------------------------+

. describe income bday

              storage   display    value
variable name   type    format     label      variable label
------------------------------------------------------------------------------------------------------------------
income          float   %11.1fc               Income of student
bday            float   %td..                 Date of birth of student

. 
end of do-file
