

. quietly{

. generate STUDENTVARS = ., before(gender)
(8 missing values generated)

. generate KIDSVARS = ., after(havechild)
(8 missing values generated)

. describe

Contains data from survey6.dta
  obs:             8                          Survey of graduate students
 vars:            11                          11 Mar 2024 14:40
 size:           544                          (_dta has notes)
------------------------------------------------------------------------------------------------------------------
              storage   display    value
variable name   type    format     label      variable label
------------------------------------------------------------------------------------------------------------------
id              float   %9.0g                 Unique identification variable
STUDENTVARS     double  %10.0g                
gender          float   %9.0g      mf         Gender of student
race            float   %19.0g     racelab  * Race of student
bdays           str10   %10s                  Birthday of student
income          float   %12.2fc               Income of student
havechild       float   %18.0g     havelab  * Given birth to a child?
KIDSVARS        double  %10.0g                
kidname         str10   %-10s                 Name of child
ksex            float   %15.0g     mfkid    * Sex of child
kbday           double  %td                   
                                            * indicated variables have notes
------------------------------------------------------------------------------------------------------------------
Sorted by: 
     Note: Dataset has changed since last saved.

. 
end of do-file
