

. quietly {

. list, sepby(kidid)

     +-------------------------------------------------------------+
     | kidid          dt   female   wt   tv   vac   lagtv   leadtv |
     |-------------------------------------------------------------|
  1. |     1   07jan2002        1   53    1     1       .        3 |
  2. |     1   08jan2002        1   55    3     1       1        . |
     |-------------------------------------------------------------|
  3. |     2   16jan2002        1   58    8     1       .        . |
     |-------------------------------------------------------------|
  4. |     3   18jan2002        0   60    2     0       .        5 |
  5. |     3   19jan2002        0   63    5     1       2        . |
  6. |     3   21jan2002        0   66    1     1       .        6 |
  7. |     3   22jan2002        0   64    6     0       1        . |
     |-------------------------------------------------------------|
  8. |     4   10jan2002        1   62    7     0       .        1 |
  9. |     4   11jan2002        1   58    1     0       7        . |
 10. |     4   13jan2002        1   55    4     0       .        . |
     +-------------------------------------------------------------+

. bysort kidid (dt): gen bylagtv=tv[_n-1]
(4 missing values generated)

. bysort kidid (dt): gen byleadtv=tv[_n+1]
(4 missing values generated)

. list, sepby(kidid)

     +----------------------------------------------------------------------------------+
     | kidid          dt   female   wt   tv   vac   lagtv   leadtv   bylagtv   byleadtv |
     |----------------------------------------------------------------------------------|
  1. |     1   07jan2002        1   53    1     1       .        3         .          3 |
  2. |     1   08jan2002        1   55    3     1       1        .         1          . |
     |----------------------------------------------------------------------------------|
  3. |     2   16jan2002        1   58    8     1       .        .         .          . |
     |----------------------------------------------------------------------------------|
  4. |     3   18jan2002        0   60    2     0       .        5         .          5 |
  5. |     3   19jan2002        0   63    5     1       2        .         2          1 |
  6. |     3   21jan2002        0   66    1     1       .        6         5          6 |
  7. |     3   22jan2002        0   64    6     0       1        .         1          . |
     |----------------------------------------------------------------------------------|
  8. |     4   10jan2002        1   62    7     0       .        1         .          1 |
  9. |     4   11jan2002        1   58    1     0       7        .         7          4 |
 10. |     4   13jan2002        1   55    4     0       .        .         1          . |
     +----------------------------------------------------------------------------------+

. 
end of do-file
