

. quietly {

. order bpress5 bpress1-bpress4, after(age2)

. describe

Contains data from cardio2.dta
  obs:             5                          
 vars:            13                          22 Dec 2009 19:51
 size:           140                          
------------------------------------------------------------------------------------------------------------------
              storage   display    value
variable name   type    format     label      variable label
------------------------------------------------------------------------------------------------------------------
id              byte    %3.0f                 Identification variable
age_yrs         byte    %3.0f                 Age of person
pulse1          int     %3.0f                 Pulse: Trial 1
pulse2          byte    %3.0f                 Pulse: Trial 2
pulse3          int     %3.0f                 Pulse: Trial 3
pulse4          int     %3.0f                 Pulse: Trial 4
pulse5          byte    %3.0f                 Pulse: Trial 5
age2            double  %10.0g                
bpress5         int     %3.0f                 Systolic BP: Trial 5
bpress1         int     %3.0f                 Systolic BP: Trial 1
bpress2         int     %3.0f                 Systolic BP: Trial 2
bpress3         int     %3.0f                 Systolic BP: Trial 3
bpress4         int     %3.0f                 Systolic BP: Trial 4
------------------------------------------------------------------------------------------------------------------
Sorted by: 
     Note: Dataset has changed since last saved.

. order bp*, sequential

. describe

Contains data from cardio2.dta
  obs:             5                          
 vars:            13                          22 Dec 2009 19:51
 size:           140                          
------------------------------------------------------------------------------------------------------------------
              storage   display    value
variable name   type    format     label      variable label
------------------------------------------------------------------------------------------------------------------
bpress1         int     %3.0f                 Systolic BP: Trial 1
bpress2         int     %3.0f                 Systolic BP: Trial 2
bpress3         int     %3.0f                 Systolic BP: Trial 3
bpress4         int     %3.0f                 Systolic BP: Trial 4
bpress5         int     %3.0f                 Systolic BP: Trial 5
id              byte    %3.0f                 Identification variable
age_yrs         byte    %3.0f                 Age of person
pulse1          int     %3.0f                 Pulse: Trial 1
pulse2          byte    %3.0f                 Pulse: Trial 2
pulse3          int     %3.0f                 Pulse: Trial 3
pulse4          int     %3.0f                 Pulse: Trial 4
pulse5          byte    %3.0f                 Pulse: Trial 5
age2            double  %10.0g                
------------------------------------------------------------------------------------------------------------------
Sorted by: 
     Note: Dataset has changed since last saved.

. 
end of do-file
