

. cd "/Users/Sam/Desktop/Econ 645/Data/Mitchell"
/Users/Sam/Desktop/Econ 645/Data/Mitchell

. use moms1, clear

. cross using dads1

. sort famid

. list, sepby(famid)

     +-------------------------------------------------+
     | famid   mage   mrace   mhs   dage   drace   dhs |
     |-------------------------------------------------|
  1. |     1     33       2     1     25       1     1 |
  2. |     1     33       2     1     31       2     1 |
  3. |     1     33       2     1     21       1     0 |
  4. |     1     33       2     1     25       2     1 |
     |-------------------------------------------------|
  5. |     2     28       1     1     31       2     1 |
  6. |     2     28       1     1     25       2     1 |
  7. |     2     28       1     1     25       1     1 |
  8. |     2     28       1     1     21       1     0 |
     |-------------------------------------------------|
  9. |     3     24       2     1     21       1     0 |
 10. |     3     24       2     1     31       2     1 |
 11. |     3     24       2     1     25       2     1 |
 12. |     3     24       2     1     25       1     1 |
     |-------------------------------------------------|
 13. |     4     21       1     0     25       1     1 |
 14. |     4     21       1     0     21       1     0 |
 15. |     4     21       1     0     31       2     1 |
 16. |     4     21       1     0     25       2     1 |
     +-------------------------------------------------+

. 
end of do-file
